// Vitest Snapshot v1, https://vitest.dev/guide/snapshot.html

exports[`FormSegment > renders correctly 1`] = `
<div>
  <div
    class="segment svelte-8qx0cq"
  >
    <div
      class="dose svelte-8qx0cq"
    >
      <label
        class="svelte-8qx0cq"
        for="dose-0"
      >
        <input
          aria-disabled="false"
          aria-label="dose-0"
          class="font_body fs_md bg_bgControl rounded_control border_none w_100% p_0_0.5rem h_controlHeight max-h_controlHeight min-h_controlHeight leading_controlHeight text_inherit ring_none pos_relative focus:z_1 focus:shadow_controlFocusVisible [&.isWarning]:shadow_controlWarning min_1 id_dose-0 step_0.25 inputmode_decimal pattern_[1-9]\\d* aria-label_dose-0"
          id="dose-0"
          inputmode="decimal"
          min="1"
          pattern="[1-9]\\d*"
          placeholder=""
          step="0.25"
          type="number"
        />
      </label>
    </div>
     
    <div
      class="days svelte-8qx0cq"
    >
      <label
        class="svelte-8qx0cq"
        for="days-0"
      >
        <input
          aria-disabled="false"
          aria-label="days-0"
          class="font_body fs_md bg_bgControl rounded_control border_none w_100% p_0_0.5rem h_controlHeight max-h_controlHeight min-h_controlHeight leading_controlHeight text_inherit ring_none pos_relative focus:z_1 focus:shadow_controlFocusVisible [&.isWarning]:shadow_controlWarning min_1 id_days-0 inputmode_decimal pattern_[1-9]\\d* aria-label_days-0"
          id="days-0"
          inputmode="decimal"
          min="1"
          pattern="[1-9]\\d*"
          placeholder=""
          type="number"
        />
      </label>
    </div>
     
    <button
      class="remove-btn svelte-8qx0cq"
      disabled=""
      title="Remove this step"
    >
      Ã—
    </button>
  </div>
</div>
`;
