// Vitest Snapshot v1, https://vitest.dev/guide/snapshot.html

exports[`FormStep > renders correctly 1`] = `
<div>
  <div
    class="step svelte-1p9l6v1"
  >
    <div
      class="dose svelte-1p9l6v1"
    >
      <label
        class="svelte-1p9l6v1"
        for="dose-0"
      >
        <input
          aria-label="dose-0"
          class="svelte-1p9l6v1"
          id="dose-0"
          inputmode="decimal"
          min="1"
          pattern="[1-9]\\d*"
          step="0.25"
          type="number"
        />
      </label>
    </div>
     
     
    <div
      class="duration svelte-1p9l6v1"
    >
      <label
        class="svelte-1p9l6v1"
        for="duration-0"
      >
        <input
          aria-label="duration-0"
          class="svelte-1p9l6v1"
          id="duration-0"
          inputmode="decimal"
          min="1"
          pattern="[1-9]\\d*"
          type="number"
        />
      </label>
    </div>
     
    <button
      class="remove-btn svelte-1p9l6v1"
      disabled=""
      title="Remove this step"
    >
      Ã—
    </button>
  </div>
</div>
`;
