// Vitest Snapshot v1, https://vitest.dev/guide/snapshot.html

exports[`Message > renders correctly 1`] = `
<div>
  <p
    class="message loaded svelte-kjmv12"
  >
    <b
      class="badge new"
    >
      NEW
    </b>
    Pexivas reduced templates now available.
    Â 
  </p>
</div>
`;
