// Vitest Snapshot v1, https://vitest.dev/guide/snapshot.html

exports[`ScheduleStep > renders correctly 1`] = `
<div>
  <li
    class="svelte-1hlpwdm"
  >
    Step 1: 1 dose(s) from Sat Jun 01 2024 to Wed Jun 05 2024
  </li>
  
</div>
`;
